AR counter behavioral D:/Users/Mokykla/Desktop/SensorWorking/Sensor/Sensor/counter.vhd sub00/vhpl11 1387458244
EN struc_top NULL D:/Users/Mokykla/Desktop/SensorWorking/Sensor/Sensor/struc_top.vhd sub00/vhpl18 1387458251
EN strobe_dec NULL D:/Users/Mokykla/Desktop/SensorWorking/Sensor/Sensor/strobe.vhd sub00/vhpl04 1387458237
EN mux6_1 NULL D:/Users/Mokykla/Desktop/SensorWorking/Sensor/Sensor/mux.vhd sub00/vhpl00 1387458233
EN view NULL D:/Users/Mokykla/Desktop/SensorWorking/Sensor/Sensor/view.vhd sub00/vhpl16 1387458249
AR dec1_2 behavioral D:/Users/Mokykla/Desktop/SensorWorking/Sensor/Sensor/decoder.vhd sub00/vhpl03 1387458236
AR up_counter_en behav D:/Users/Mokykla/Desktop/SensorWorking/Sensor/Sensor/up_counter_en.vhd sub00/vhpl07 1387458240
EN dec1_2 NULL D:/Users/Mokykla/Desktop/SensorWorking/Sensor/Sensor/decoder.vhd sub00/vhpl02 1387458235
AR struc_top behavioral D:/Users/Mokykla/Desktop/SensorWorking/Sensor/Sensor/struc_top.vhd sub00/vhpl19 1387458252
AR digit rtl D:/Users/Mokykla/Desktop/SensorWorking/Sensor/Sensor/Digit.vhd sub00/vhpl09 1387458242
EN digit NULL D:/Users/Mokykla/Desktop/SensorWorking/Sensor/Sensor/Digit.vhd sub00/vhpl08 1387458241
EN counter NULL D:/Users/Mokykla/Desktop/SensorWorking/Sensor/Sensor/counter.vhd sub00/vhpl10 1387458243
AR fsm behavioral D:/Users/Mokykla/Desktop/SensorWorking/Sensor/Sensor/FSM.vhd sub00/vhpl13 1387458246
AR mux6_1 behavioral D:/Users/Mokykla/Desktop/SensorWorking/Sensor/Sensor/mux.vhd sub00/vhpl01 1387458234
EN bcdconv NULL D:/Users/Mokykla/Desktop/SensorWorking/Sensor/Sensor/BCD.vhd sub00/vhpl14 1387458247
EN up_counter_en NULL D:/Users/Mokykla/Desktop/SensorWorking/Sensor/Sensor/up_counter_en.vhd sub00/vhpl06 1387458239
EN fsm NULL D:/Users/Mokykla/Desktop/SensorWorking/Sensor/Sensor/FSM.vhd sub00/vhpl12 1387458245
AR view behavioral D:/Users/Mokykla/Desktop/SensorWorking/Sensor/Sensor/view.vhd sub00/vhpl17 1387458250
AR strobe_dec behavioral D:/Users/Mokykla/Desktop/SensorWorking/Sensor/Sensor/strobe.vhd sub00/vhpl05 1387458238
AR bcdconv rtl D:/Users/Mokykla/Desktop/SensorWorking/Sensor/Sensor/BCD.vhd sub00/vhpl15 1387458248
